Loading modules and activating conda environment...
Checking PyTorch CUDA availability...
CUDA available: True
Device count: 1
Running CompositionExtrap_Ablations.py...
>>> Training Baseline...
[Inductive Baseline] MSE: 0.6545 ± 0.0949

>>> Training Transductive (Task2Vec)...
--- Initializing Embedding Engine: task2vec ---
Pre-training Probe...
Extracting Gradients...
[Transductive (Standard)] MSE: 0.5792 ± 0.0815
[Ablation: Rank-3 Pair] MSE: 0.6227 ± 0.0831
[Ablation: Random Pair] MSE: 1.1109 ± 0.1122
[Ablation: No Verification] MSE: 0.6773 ± 0.0990
[Upper Bound: Oracle] MSE: 0.4968 ± 0.0690

>>> Training Transductive (Raw PCA)...
--- Initializing Embedding Engine: raw_pca ---
[Ablation: Raw PCA Embedding] MSE: 0.5724 ± 0.0737
Job finished.
